// Jest Snapshot v1, https://goo.gl/fbAQLP

exports[`CreateNew component should render the component 1`] = `
<DocumentFragment>
  <div>
    <div>
      <div
        class="button-cell "
      >
        <button
          class="button main"
        >
          <b>
            Create new
          </b>
        </button>
        <input
          name="inputField.key"
          placeholder="Search by restaurant, company & type"
          type="text"
          value=""
        />
      </div>
    </div>
  </div>
</DocumentFragment>
`;
